[doralcenter.com.ar/index.html]
[backblue.gif]
[fade.gif]
[index.html]
[doralcenter.com.ar/wp-content/uploads/2022/03/Logotipo-Sitio-01-2.png]
[doralcenter.com.ar/wp-content/cache/wpfc-minified/7ueczksc/4b9bk.css]
[doralcenter.com.ar/feed/index.html]
[doralcenter.com.ar/wp-content/cache/wpfc-minified/kp2flhqt/4b9bk.css]
[doralcenter.com.ar/comments/feed/index.html]
[doralcenter.com.ar/wp-content/cache/wpfc-minified/kdfd0dcp/4b9bk.css]
[doralcenter.com.ar/wp-content/uploads/elementor/css/post-65272.css]
[doralcenter.com.ar/wp-content/cache/wpfc-minified/g5qmg5zq/4b9b9.css]
[doralcenter.com.ar/wp-content/uploads/elementor/css/post-876d5.css]
[doralcenter.com.ar/wp-content/cache/wpfc-minified/qka8j05e/4bcx6.css]
[doralcenter.com.ar/wp-content/cache/wpfc-minified/f5otb1qc/4bcx6.css]
[doralcenter.com.ar/wp-content/cache/wpfc-minified/7n83mq4w/4b9bk.js]
[doralcenter.com.ar/wp-content/cache/wpfc-minified/7z3rqhwv/4b9bk.js]
[doralcenter.com.ar/wp-json/index.html]
[doralcenter.com.ar/wp-json/wp/v2/pages/8.json]
[doralcenter.com.ar/xmlrpc0db0.php]
[doralcenter.com.ar/wp-includes/wlwmanifest.xml]
[doralcenter.com.ar/wp-json/oembed/1.0/embeda714.json]
[doralcenter.com.ar/wp-json/oembed/1.0/embed1381]
[doralcenter.com.ar/wp-content/uploads/2022/03/Favicon-Sitio-01-150x150.png]
[doralcenter.com.ar/wp-content/uploads/2022/03/Favicon-Sitio-01-300x300.png]
[doralcenter.com.ar/wp-content/uploads/2022/03/cropped-Logotipo-Sitio-01-1-1-148x26.png]
[doralcenter.com.ar/wp-content/plugins/a3-lazy-load/assets/images/lazy_placeholder.gif]
[doralcenter.com.ar/wp-content/uploads/2023/01/Doral0973-1024x683.jpg]
[doralcenter.com.ar/wp-content/uploads/2023/01/Doral1514-1024x683.jpg]
[doralcenter.com.ar/beauty-relax/index.html]
[doralcenter.com.ar/wp-content/uploads/2023/01/Doral0998-1024x683.jpg]
[doralcenter.com.ar/wp-content/uploads/2023/01/Doral1381-1024x683.jpg]
[doralcenter.com.ar/wp-content/uploads/2023/01/Doral1557-1024x683.jpg]
[doralcenter.com.ar/wp-content/uploads/elementor/thumbs/gift-02-q135voyo2odv312kf8oszcowt655iqfdn6nul4dvgo.jpg]
[doralcenter.com.ar/esthetic/index.html]
[doralcenter.com.ar/wp-content/cache/wpfc-minified/ldqgthgh/4bcx6.css]
[doralcenter.com.ar/medicina-estetica/index.html]
[doralcenter.com.ar/wellness/index.html]
[doralcenter.com.ar/contacto/index.html]
[doralcenter.com.ar/Wellness/index-2.html]
[doralcenter.com.ar/wp-content/uploads/2022/12/PROMOS-WEB-03.jpg]
[doralcenter.com.ar/wp-content/uploads/2023/02/MasajeOzono_WEb-.jpg]
[doralcenter.com.ar/wp-content/uploads/2022/10/muscle-up-03.jpg]
[doralcenter.com.ar/wp-content/uploads/2022/12/PROMOS-WEB-02.jpg]
[doralcenter.com.ar/wp-content/uploads/2023/02/PROMOS-WEB_Gluteos-perfectos.jpg]
[doralcenter.com.ar/wp-content/uploads/2022/10/30-02.jpg]
[doralcenter.com.ar/wp-content/cache/wpfc-minified/dubxfik4/4b9b9.css]
[doralcenter.com.ar/wp-content/themes/astra/assets/js/minified/frontend.min05da.js]
[doralcenter.com.ar/wp-content/plugins/mystickymenu/js/detectmobilebrowser61da.js]
[doralcenter.com.ar/wp-content/plugins/mystickymenu/js/mystickymenu.min61da.js]
[doralcenter.com.ar/wp-content/plugins/wp-whatsapp-chat/build/frontend/js/indexfff7.js]
[doralcenter.com.ar/wp-content/plugins/a3-lazy-load/assets/js/jquery.lazyloadxt.extra.min4250.js]
[doralcenter.com.ar/wp-content/plugins/a3-lazy-load/assets/js/jquery.lazyloadxt.srcset.min4250.js]
[doralcenter.com.ar/wp-content/plugins/a3-lazy-load/assets/js/jquery.lazyloadxt.extend4250.js]
[doralcenter.com.ar/wp-content/plugins/elementor/assets/js/webpack.runtime.min2f56.js]
[doralcenter.com.ar/wp-content/plugins/elementor/assets/js/frontend-modules.min2f56.js]
[doralcenter.com.ar/wp-content/plugins/elementor/assets/lib/waypoints/waypoints.min05da.js]
[doralcenter.com.ar/wp-includes/js/jquery/ui/core.min3f14.js]
[doralcenter.com.ar/wp-content/plugins/elementor/assets/js/frontend.min2f56.js]
[doralcenter.com.ar/wp-includes/js/underscore.mind584.js]
[doralcenter.com.ar/wp-includes/js/wp-util.min6a4d.js]
[doralcenter.com.ar/wp-content/plugins/wpforms-lite/assets/js/integrations/elementor/frontend.min4a2b.js]
[doralcenter.com.ar/index.html]
[doralcenter.com.ar/wp-content/cache/wpfc-minified/7ueczksc/4b9bk.css]
[doralcenter.com.ar/wp-content/cache/wpfc-minified/kp2flhqt/4b9bk.css]
[doralcenter.com.ar/wp-content/cache/wpfc-minified/kdfd0dcp/4b9bk.css]
[doralcenter.com.ar/wp-content/uploads/elementor/css/post-65272.css]
[doralcenter.com.ar/wp-content/cache/wpfc-minified/g5qmg5zq/4b9b9.css]
[doralcenter.com.ar/wp-content/uploads/elementor/css/post-876d5.css]
[doralcenter.com.ar/wp-content/plugins/a3-lazy-load/assets/css/loading.gif]
[doralcenter.com.ar/wp-content/cache/wpfc-minified/qka8j05e/4bcx6.css]
[doralcenter.com.ar/wp-content/cache/wpfc-minified/f5otb1qc/4bcx6.css]
[www.googletagmanager.com/gtm5445.html]
[doralcenter.com.ar/wp-content/plugins/elementor/assets/lib/font-awesome/webfonts/fa-solid-900.eot]
[doralcenter.com.ar/wp-content/uploads/elementor/css/post-1127d7ea.css]
[doralcenter.com.ar/wp-content/cache/wpfc-minified/mjqzmdlw/4b9b9.css]
[doralcenter.com.ar/wp-json/wp/v2/pages/1127.json]
[doralcenter.com.ar/wp-json/oembed/1.0/embed57b3.json]
[doralcenter.com.ar/wp-json/oembed/1.0/embed90ed]
[doralcenter.com.ar/wp-content/uploads/2022/05/Doral14313-scaled-e1653075938137.jpg]
[doralcenter.com.ar/wp-content/uploads/2022/05/bronceado-300x270.png]
[doralcenter.com.ar/wp-content/uploads/2022/05/young-woman-applying-natural-lemon-scrub-on-hands-against-white-surface-scaled-e1653078556305-300x223.jpg]
[doralcenter.com.ar/wp-content/uploads/2022/05/dan-cristian-padure-eqGYVYEuyI-unsplash-scaled-e1653080150197.jpg]
[doralcenter.com.ar/wp-content/uploads/2022/05/hannah-gullixson-ne2X1toD1jA-unsplash-scaled-e1653080075567.jpg]
[doralcenter.com.ar/wp-content/uploads/2022/05/reiki-300x200.jpg]
[doralcenter.com.ar/wp-content/uploads/2022/05/Doral14313-scaled-e1653075938137-300x205.jpg]
[doralcenter.com.ar/wp-content/uploads/2022/05/front-view-oil-made-from-green-plant-with-copy-space-scaled-e1653137995892-300x242.jpg]
[doralcenter.com.ar/wp-content/uploads/2022/05/beautician-with-brush-applies-white-moisturizing-mask-to-the-face-of-young-girl-client-in-spa-beauty-salon-scaled-e1651619796516.jpg]
[doralcenter.com.ar/wp-content/uploads/2022/05/limpieza-facial-casa-eliminar-puntos-negros-e1651620012635.jpg]
[doralcenter.com.ar/wp-content/uploads/2022/05/MON_9296-scaled-e1651620200976.jpg]
[doralcenter.com.ar/beauty-relax/index.html]
[doralcenter.com.ar/wp-content/uploads/elementor/css/post-55317d5.css]
[doralcenter.com.ar/wp-json/wp/v2/pages/553.json]
[doralcenter.com.ar/wp-json/oembed/1.0/embedb121.json]
[doralcenter.com.ar/wp-json/oembed/1.0/embedf2b4]
[doralcenter.com.ar/wp-content/uploads/2022/05/Doral14011-scaled-e1651609634141.jpg]
[doralcenter.com.ar/wp-content/uploads/2022/05/Doral14068-scaled-e1651610636996.jpg]
[doralcenter.com.ar/wp-content/uploads/2022/05/radiofrecuencia-destacada-e1651611003345.jpg]
[doralcenter.com.ar/wp-content/uploads/2022/05/MON_9441-scaled-e1651612170839.jpg]
[doralcenter.com.ar/wp-content/uploads/2022/05/hifu-corporal-e1651618879204.jpg]
[doralcenter.com.ar/wp-content/uploads/2022/05/Doral14144-scaled-e1651614075524.jpg]
[doralcenter.com.ar/wp-content/uploads/2022/05/HIFEM-768x635.png]
[doralcenter.com.ar/wp-content/uploads/2022/05/rejuvenating-facial-treatment-scaled-e1651619112361.jpg]
[doralcenter.com.ar/wp-content/uploads/2022/05/Doral14217-scaled-e1651613140752.jpg]
[doralcenter.com.ar/wp-content/uploads/2022/05/young-woman-doing-special-procedure-for-improvements-skin-scaled-e1651620813880.jpg]
[doralcenter.com.ar/wp-content/uploads/2022/05/woman-with-cream-on-face-scaled-e1651621087927.jpg]
[doralcenter.com.ar/esthetic/index.html]
[doralcenter.com.ar/wp-content/uploads/2022/05/dermaplaning.png]
[doralcenter.com.ar/wp-content/uploads/elementor/css/post-9107db.css]
[doralcenter.com.ar/wp-json/wp/v2/pages/91.json]
[doralcenter.com.ar/wp-json/oembed/1.0/embed108d.json]
[doralcenter.com.ar/wp-json/oembed/1.0/embed3170]
[doralcenter.com.ar/wp-content/uploads/2022/05/Doral13856-1024x683.jpg]
[doralcenter.com.ar/wp-content/uploads/2022/04/woman-marked-out-for-cosmetic-surgery-scaled-e1650575426229.jpg]
[doralcenter.com.ar/wp-content/uploads/2022/04/que-es-el-plasma-rico-en-plaquetas-1.webp]
[doralcenter.com.ar/wp-content/uploads/2022/05/5-e1651423854424.jpg]
[doralcenter.com.ar/wp-content/uploads/2022/04/alexander-schimmeck-yNoIyGyGcG0-unsplash-scaled.jpg]
[doralcenter.com.ar/wp-content/uploads/2022/05/meso_prof-banner-2-e1651597441492.jpg]
[doralcenter.com.ar/wp-content/uploads/2022/04/surgeon-making-injection-into-female-body-liposuction-concept-1-scaled.jpg]
[doralcenter.com.ar/wp-content/uploads/2022/06/7054a936-c316-4998-b3b4-2ec3cbbda12e-1024x576.jpg]
[doralcenter.com.ar/wp-content/uploads/2022/05/man-taking-good-care-of-his-face-at-home-scaled-e1651427359675.jpg]
[doralcenter.com.ar/wp-content/uploads/2022/05/procedure-lip-augmentation-in-professional-salon-scaled.jpg]
[doralcenter.com.ar/wp-content/uploads/2022/05/Botox-e1651425019940.png]
[doralcenter.com.ar/wp-content/uploads/2022/05/radiesse-1x15ml-e1651584858149.jpg]
[doralcenter.com.ar/wp-content/uploads/2022/05/Doral14120-scaled-e1651428576660.jpg]
[doralcenter.com.ar/wp-content/uploads/2022/05/Porfhilo.jpg]
[doralcenter.com.ar/wp-content/uploads/2022/04/Doral13914-scaled.jpg]
[doralcenter.com.ar/wp-content/uploads/2022/05/Doral14287-scaled.jpg]
[doralcenter.com.ar/wp-content/uploads/2022/05/portrait-of-young-beautiful-girl-making-funny-face-touching-her-nose-scaled.jpg]
[doralcenter.com.ar/wp-content/uploads/2022/04/Doral14241-scaled.jpg]
[doralcenter.com.ar/medicina-estetica/index.html]
[doralcenter.com.ar/wp-content/uploads/elementor/css/post-7841ea2.css]
[doralcenter.com.ar/wp-content/cache/wpfc-minified/6onmxa9t/4b9b9.css]
[doralcenter.com.ar/wp-json/wp/v2/pages/784.json]
[doralcenter.com.ar/wp-json/oembed/1.0/embedcece.json]
[doralcenter.com.ar/wp-json/oembed/1.0/embedd550]
[doralcenter.com.ar/wp-content/uploads/elementor/thumbs/Entrevista-e1652815557987-poyo1sk4prdlyqmys58gjjlgs13kwa82uu2csyn6gq.jpg]
[doralcenter.com.ar/wp-content/uploads/elementor/thumbs/huha-inc-OfVESgqrbJc-unsplash-scaled-poynpf0mqafp3km51snapo0z7e3ljr3b5ku7bszse2.jpg]
[doralcenter.com.ar/wp-content/uploads/elementor/thumbs/diet-concept-with-female-scientist-and-healthy-food-scaled-e1652815392799-poynxhgre3har2w8xs70m4qergc0m84d9if8mb14ze.jpg]
[doralcenter.com.ar/wp-content/uploads/elementor/thumbs/person-eating-healthy-salad-of-fresh-vegetables-and-boiled-eggs-scaled-poykvicjrwxn19w8s4vflent4pl5anvsvqj0b4cb24.jpg]
[doralcenter.com.ar/wp-content/uploads/elementor/thumbs/weight-loss-scale-with-centimeter-stethoscope-dumbbell-clipboard-pen-diet-concept-scaled-poykuuul121gz0udlcprd2laa2syy8aigi7vb7b5do.jpg]
[doralcenter.com.ar/wp-content/uploads/elementor/thumbs/jannis-brandt-8manzosDSGM-unsplash-scaled-poyos5x4gfhacnl4gfmo7evx7ebg459tvwvokpshz0.jpg]
[doralcenter.com.ar/wp-content/uploads/elementor/thumbs/noferidaniel712022-scaled-poypuzn4r2mtuf7was0pyz61ukp9q6a4ue5o6qbfa6.jpg]
[doralcenter.com.ar/wp-content/uploads/elementor/thumbs/termocycling-pooculjot46f9spgoa5qtl1svjj8wkhxa0xraoq6n2.jpg]
[doralcenter.com.ar/wp-content/uploads/elementor/thumbs/noferidaniel512022-scaled-e1652818921402-poyqhml7cfmfgcc542a9iriovn4i3r5eyfrn9mr3fi.jpg]
[doralcenter.com.ar/wp-content/uploads/elementor/thumbs/termobiogym-poocufwno3ypc4xnl7pzemh1b8b1mdvj990uf0yjoe.jpg]
[doralcenter.com.ar/wp-content/uploads/elementor/thumbs/noferidaniel1532022-scaled-e1652914737329-pp0nzdx5a8c3o93xdierw2i1bhbn0uqaw4ri4b108q.jpg]
[doralcenter.com.ar/wp-content/uploads/elementor/thumbs/noferidaniel2132022-scaled-e1652914857595-pp0o2ips2cmidgk32v607a1clpvooj63bn1rpidri2.jpg]
[doralcenter.com.ar/wp-content/uploads/elementor/thumbs/noferidaniel1472022-scaled-e1652915347645-pp0ofbap3650edz2de9751t7oitjg7ykeypov3eut6.jpg]
[doralcenter.com.ar/wp-content/uploads/elementor/thumbs/noferidaniel5782022-scaled-e1652915983641-pp0ovx41tswy6qvzbat17y0i5ja0v89fhpnawdgy18.jpg]
[doralcenter.com.ar/wp-content/uploads/elementor/thumbs/noferidaniel6152022-scaled-e1652916212828-pp0p1wd3av3m1g7bedulkxp26rt2twzynb1hsqlsgc.jpg]
[doralcenter.com.ar/wellness/index.html]
[doralcenter.com.ar/wp-content/cache/wpfc-minified/7mm75x0p/4bitx.css]
[doralcenter.com.ar/wp-content/uploads/elementor/css/post-1578d0.css]
[doralcenter.com.ar/wp-json/wp/v2/pages/15.json]
[doralcenter.com.ar/wp-json/oembed/1.0/embedd6a4.json]
[doralcenter.com.ar/wp-json/oembed/1.0/embeddad5]
[doralcenter.com.ar/wp-content/plugins/wpforms-lite/assets/images/submit-spin.svg]
[doralcenter.com.ar/wp-content/plugins/wpforms-lite/assets/js/text-limit.min4a2b.js]
[doralcenter.com.ar/wp-content/plugins/wpforms-lite/assets/lib/jquery.validate.min7e9d.js]
[doralcenter.com.ar/wp-content/plugins/wpforms-lite/assets/lib/mailcheck.mincfa9.js]
[doralcenter.com.ar/wp-content/plugins/wpforms-lite/assets/lib/punycode.min8a54.js]
[doralcenter.com.ar/wp-content/plugins/wpforms-lite/assets/js/utils.min4a2b.js]
[doralcenter.com.ar/contacto/index.html]
[doralcenter.com.ar/wp-content/cache/wpfc-minified/ldqgthgh/4bcx6.css]
[doralcenter.com.ar/wp-content/plugins/wpforms-lite/assets/js/wpforms.min4a2b.js]
[doralcenter.com.ar/Wellness/index-2.html]
[doralcenter.com.ar/wp-content/cache/wpfc-minified/dubxfik4/4b9b9.css]
[doralcenter.com.ar/wp-content/uploads/elementor/css/post-1127d7ea.css]
[doralcenter.com.ar/wp-content/cache/wpfc-minified/mjqzmdlw/4b9b9.css]
[doralcenter.com.ar/indexe4eb.html]
[doralcenter.com.ar/wp-content/uploads/elementor/css/post-55317d5.css]
[doralcenter.com.ar/indexa7b7.html]
[doralcenter.com.ar/wp-content/uploads/elementor/css/post-9107db.css]
[doralcenter.com.ar/index5cfa.html]
[doralcenter.com.ar/wp-content/plugins/elementor/assets/lib/font-awesome/webfonts/fa-brands-400.eot]
[doralcenter.com.ar/wp-content/uploads/2022/05/noferidaniel1622022-scaled-e1652827325969.jpg]
[doralcenter.com.ar/wp-content/uploads/elementor/css/post-7841ea2.css]
[doralcenter.com.ar/wp-content/cache/wpfc-minified/6onmxa9t/4b9b9.css]
[doralcenter.com.ar/indexf9ae.html]
[doralcenter.com.ar/wp-content/plugins/wpforms-lite/assets/images/times-solid-white.svg]
[doralcenter.com.ar/wp-content/cache/wpfc-minified/7mm75x0p/4bitx.css]
[doralcenter.com.ar/wp-content/uploads/elementor/css/post-1578d0.css]
[doralcenter.com.ar/indexa1ca.html]
[doralcenter.com.ar/wp-content/plugins/wpforms-lite/assets/images/submit-spin.svg]
[doralcenter.com.ar/wp-content/plugins/wpforms-lite/assets/images/times-solid-white.svg]
